// Jest Snapshot v1, https://goo.gl/fbAQLP

exports[`1 feedback 1`] = `
<ForwardRef>
  <Item />
</ForwardRef>
`;

exports[`empty feedbacks 1`] = `<ForwardRef />`;
